
> exercise-log-mvp@0.1.0 test
> vitest run src/features/storage/storage.test.ts


[1m[7m[36m RUN [39m[27m[22m [36mv3.0.8 [39m[90mE:/Data/App/www/ExerLog[39m

 [32m笨・[39m src/features/storage/storage.test.ts [2m([22m[2m3 tests[22m[2m)[22m[90m 19[2mms[22m[39m

[2m Test Files [22m [1m[32m1 passed[39m[22m[90m (1)[39m
[2m      Tests [22m [1m[32m3 passed[39m[22m[90m (3)[39m
[2m   Start at [22m 13:50:54
[2m   Duration [22m 915ms[2m (transform 43ms, setup 107ms, collect 42ms, tests 19ms, environment 354ms, prepare 95ms)[22m

